exports[`test HelloMessage 1`] = `
<div>
  Hello 
  World
</div>
`;
